---
source: crates/web/tests/it/auth.rs
expression: "me(&h, &after_alt).await"
---
{
  "account_id": 1,
  "characters": [
    {
      "id": 90000001,
      "is_main": true,
      "name": "Main Pilot"
    },
    {
      "id": 90000002,
      "is_main": false,
      "name": "Alt Pilot"
    }
  ],
  "groups": [],
  "is_owner": true,
  "main": {
    "id": 90000001,
    "name": "Main Pilot"
  },
  "permissions": [
    "admin.audit",
    "admin.discord",
    "admin.groups",
    "admin.permissions",
    "admin.plugins",
    "admin.states",
    "admin.system",
    "admin.users",
    "blacklist.add_basic_eve_notes",
    "blacklist.add_new_eve_note_comments",
    "blacklist.add_new_eve_note_restricted_comments",
    "blacklist.add_new_eve_note_ultra_restricted_comments",
    "blacklist.add_new_eve_notes",
    "blacklist.add_restricted_eve_notes",
    "blacklist.add_to_blacklist",
    "blacklist.add_ultra_restricted_eve_notes",
    "blacklist.view_basic_eve_notes",
    "blacklist.view_eve_blacklist",
    "blacklist.view_eve_note_comments",
    "blacklist.view_eve_note_restricted_comments",
    "blacklist.view_eve_note_ultra_restricted_comments",
    "blacklist.view_eve_notes",
    "blacklist.view_restricted_eve_notes",
    "blacklist.view_ultra_restricted_eve_notes",
    "compliance.view",
    "corpstats.view_alliance_corpstats",
    "corpstats.view_corp_corpstats",
    "corpstats.view_state_corpstats",
    "discord.access_discord",
    "fleetpings.basic_access",
    "group_management",
    "permissions_tool.audit_permissions",
    "request_groups",
    "securegroups.access_sec_group",
    "securegroups.audit_sec_group"
  ],
  "state": "Guest"
}
