---
source: crates/web/tests/auth.rs
expression: "me(&h, &after_alt).await"
---
{
  "account_id": 1,
  "characters": [
    {
      "id": 90000001,
      "is_main": true,
      "name": "Main Pilot"
    },
    {
      "id": 90000002,
      "is_main": false,
      "name": "Alt Pilot"
    }
  ],
  "groups": [],
  "is_owner": true,
  "main": {
    "id": 90000001,
    "name": "Main Pilot"
  },
  "permissions": [
    "admin.audit",
    "admin.discord",
    "admin.groups",
    "admin.permissions",
    "admin.plugins",
    "admin.states",
    "admin.system",
    "admin.users",
    "compliance.view",
    "fleet.ping",
    "group_management",
    "request_groups"
  ],
  "state": "Guest"
}
